2026-05-14 20:56:07,087 - INFO - Starting login test
2026-05-14 20:56:07,088 - INFO - Opening SauceDemo website
2026-05-14 20:56:08,555 - INFO - Entering credentials
2026-05-14 20:56:09,528 - INFO - Validating title
2026-05-14 20:56:09,551 - INFO - Login test passed
2026-05-14 21:00:15,690 - INFO - Starting login test
2026-05-14 21:00:15,774 - INFO - Opening SauceDemo website
2026-05-14 21:00:16,338 - INFO - Entering credentials
2026-05-14 21:00:18,340 - INFO - Validating title
2026-05-14 21:00:18,376 - INFO - Login test passed
2026-05-14 21:04:27,900 - INFO - Starting login test
2026-05-14 21:04:27,901 - INFO - Opening SauceDemo website
2026-05-14 21:04:29,478 - INFO - Entering credentials
2026-05-14 21:04:30,609 - INFO - Validating title
2026-05-14 21:04:30,631 - INFO - Login test passed
2026-05-14 21:05:06,299 - INFO - Starting login test
2026-05-14 21:05:06,350 - INFO - Opening SauceDemo website
2026-05-14 21:05:08,244 - INFO - Entering credentials
2026-05-14 21:05:09,254 - INFO - Validating title
2026-05-14 21:05:09,325 - INFO - Login test passed
2026-05-14 21:19:28,364 - INFO - Starting login test
2026-05-14 21:19:28,365 - INFO - Opening SauceDemo website
2026-05-14 21:19:30,002 - INFO - Entering credentials
2026-05-14 21:19:31,532 - INFO - Validating title
2026-05-14 21:19:31,552 - INFO - Login test passed
